❌ Error: Cannot open input file: Inputs/L/Brussels/Brussels1.vrp
   In file: Lib/Command_Line_Args.cpp
   At line: 142
Running: ./Bin/bucket-partitioned-MDS --alpha=0.5 --rho=5000 --input=Inputs/L/Brussels/Brussels1.vrp --output=Outputs/L/Brussels/temp_output.txt
Time:  4.2953
Mem:  2452.1914
Cost:  1275074.8899
Running: ./Bin/bucket-partitioned-MDS --alpha=0.5 --rho=5000 --input=Inputs/L/Brussels/Brussels1.vrp --output=Outputs/L/Brussels/temp_output.txt
Time:  4.3595
Mem:  2494.1953
Cost:  1275074.8899
Running: ./Bin/bucket-partitioned-MDS --alpha=0.5 --rho=5000 --input=Inputs/L/Brussels/Brussels1.vrp --output=Outputs/L/Brussels/temp_output.txt
Time:  4.3786
Mem:  2456.207
Cost:  1275074.8899
Running: ./Bin/bucket-partitioned-MDS --alpha=0.5 --rho=5000 --input=Inputs/L/Brussels/Brussels1.vrp --output=Outputs/L/Brussels/temp_output.txt
Time:  4.3126
Mem:  2486.1992
Cost:  1275074.8899
Running: ./Bin/bucket-partitioned-MDS --alpha=0.5 --rho=5000 --input=Inputs/L/Brussels/Brussels1.vrp --output=Outputs/L/Brussels/temp_output.txt
Time:  4.3804
Mem:  2442.207
Cost:  1275074.8899
Running: ./Bin/bucket-partitioned-MDS --alpha=1.0 --rho=5000 --input=Inputs/L/Brussels/Brussels1.vrp --output=Outputs/L/Brussels/temp_output.txt
Time:  2.5108
Mem:  2472.2617
Cost:  964937.4181
Running: ./Bin/bucket-partitioned-MDS --alpha=1.0 --rho=5000 --input=Inputs/L/Brussels/Brussels1.vrp --output=Outputs/L/Brussels/temp_output.txt
Time:  2.3972
Mem:  2378.2812
Cost:  964937.4181
Running: ./Bin/bucket-partitioned-MDS --alpha=1.0 --rho=5000 --input=Inputs/L/Brussels/Brussels1.vrp --output=Outputs/L/Brussels/temp_output.txt
Time:  2.4416
Mem:  2362.1875
Cost:  964937.4181
Running: ./Bin/bucket-partitioned-MDS --alpha=1.0 --rho=5000 --input=Inputs/L/Brussels/Brussels1.vrp --output=Outputs/L/Brussels/temp_output.txt
Time:  2.3802
Mem:  2406.2422
Cost:  964937.4181
Running: ./Bin/bucket-partitioned-MDS --alpha=1.0 --rho=5000 --input=Inputs/L/Brussels/Brussels1.vrp --output=Outputs/L/Brussels/temp_output.txt
Time:  2.4427
Mem:  2440.1758
Cost:  964937.4181
Running: ./Bin/bucket-partitioned-MDS --alpha=1.5 --rho=5000 --input=Inputs/L/Brussels/Brussels1.vrp --output=Outputs/L/Brussels/temp_output.txt
Time:  1.8233
Mem:  2444.1641
Cost:  778764.0281
Running: ./Bin/bucket-partitioned-MDS --alpha=1.5 --rho=5000 --input=Inputs/L/Brussels/Brussels1.vrp --output=Outputs/L/Brussels/temp_output.txt
Time:  1.8729
Mem:  2408.2109
Cost:  778759.9104
Running: ./Bin/bucket-partitioned-MDS --alpha=1.5 --rho=5000 --input=Inputs/L/Brussels/Brussels1.vrp --output=Outputs/L/Brussels/temp_output.txt
Time:  1.872
Mem:  2588.1797
Cost:  778758.6843
Running: ./Bin/bucket-partitioned-MDS --alpha=1.5 --rho=5000 --input=Inputs/L/Brussels/Brussels1.vrp --output=Outputs/L/Brussels/temp_output.txt
Time:  1.9996
Mem:  2430.2188
Cost:  778763.7056
Running: ./Bin/bucket-partitioned-MDS --alpha=1.5 --rho=5000 --input=Inputs/L/Brussels/Brussels1.vrp --output=Outputs/L/Brussels/temp_output.txt
Time:  1.8469
Mem:  2318.2422
Cost:  778759.9095
Running: ./Bin/bucket-partitioned-MDS --alpha=2.0 --rho=5000 --input=Inputs/L/Brussels/Brussels1.vrp --output=Outputs/L/Brussels/temp_output.txt
Time:  1.6163
Mem:  2264.2305
Cost:  691450.4682
Running: ./Bin/bucket-partitioned-MDS --alpha=2.0 --rho=5000 --input=Inputs/L/Brussels/Brussels1.vrp --output=Outputs/L/Brussels/temp_output.txt
Time:  1.6084
Mem:  2402.1836
Cost:  691510.1667
Running: ./Bin/bucket-partitioned-MDS --alpha=2.0 --rho=5000 --input=Inputs/L/Brussels/Brussels1.vrp --output=Outputs/L/Brussels/temp_output.txt
Time:  1.6859
Mem:  2442.207
Cost:  691515.2507
Running: ./Bin/bucket-partitioned-MDS --alpha=2.0 --rho=5000 --input=Inputs/L/Brussels/Brussels1.vrp --output=Outputs/L/Brussels/temp_output.txt
Time:  1.6537
Mem:  2506.1602
Cost:  691619.154
Running: ./Bin/bucket-partitioned-MDS --alpha=2.0 --rho=5000 --input=Inputs/L/Brussels/Brussels1.vrp --output=Outputs/L/Brussels/temp_output.txt
Time:  1.6293
Mem:  2504.1797
Cost:  691319.0236
Running: ./Bin/bucket-partitioned-MDS --alpha=2.5 --rho=5000 --input=Inputs/L/Brussels/Brussels1.vrp --output=Outputs/L/Brussels/temp_output.txt
Time:  1.503
Mem:  2488.2383
Cost:  632557.5037
Running: ./Bin/bucket-partitioned-MDS --alpha=2.5 --rho=5000 --input=Inputs/L/Brussels/Brussels1.vrp --output=Outputs/L/Brussels/temp_output.txt
Time:  1.4828
Mem:  2350.1836
Cost:  632867.8693
Running: ./Bin/bucket-partitioned-MDS --alpha=2.5 --rho=5000 --input=Inputs/L/Brussels/Brussels1.vrp --output=Outputs/L/Brussels/temp_output.txt
Time:  1.4764
Mem:  2378.1914
Cost:  632535.613
Running: ./Bin/bucket-partitioned-MDS --alpha=2.5 --rho=5000 --input=Inputs/L/Brussels/Brussels1.vrp --output=Outputs/L/Brussels/temp_output.txt
Time:  1.4935
Mem:  2494.1992
Cost:  632647.0077
Running: ./Bin/bucket-partitioned-MDS --alpha=2.5 --rho=5000 --input=Inputs/L/Brussels/Brussels1.vrp --output=Outputs/L/Brussels/temp_output.txt
Traceback (most recent call last):
  File "Scripts/script.py", line 86, in <module>
    with open(temp_output, "r") as f:
FileNotFoundError: [Errno 2] No such file or directory: 'Outputs/L/Brussels/temp_output.txt'
